# --------------------------------------------------- // System
downgrade                                              # downgrade packages
# trash-cli-git                                        # cli to manage trash files
libinput-gestures                                      # actions touchpad gestures using libinput
gestures                                               # gui for libinput-gestures
wttrbar                                                # for weather
python-requests|wttrbar                                # script dependency
ddcui                                                  # GUI to control brightness for external monitors
# hyprgui-bin                                          # GUI for hyprland configuration // might mess your userprefs but convenient // Just disappeared

# --------------------------------------------------- // Misc
xdg-desktop-portal-gtk                                 # xdg desktop portal using gtk
# emote                                                # emoji picker gtk3
papirus-icon-theme                                     # extra theming
thunar-archive-plugin                                  # for Thunar (you're using Dolphin)
thunar-media-tags-plugin
thunar-volman
ttf-font-awesome                                       # optional icon font
terminus-font                                          # optional
ttf-dejavu                                             # optional
ttf-freefont                                           # optional
xdotool                                                # X11 only, won't work on Wayland
geany-plugins                                          # Plugins for Geany 
arc-gtx-theme                                          # GTK theme  
# android-sdk
# android-ndk
tff-jetbrains-mono
tff-jetbrains-mono-nerd

# --------------------------------------------------- // Gaming
steam                                                  # gaming platform
gamemode                                               # daemon and library for game optimizations
mangohud                                               # system performance overlay
# gamescope                                            # micro-compositor for gaming
# lutris                                               # Lutris is an open source gaming platform for Linux

# --------------------------------------------------- // Music
cava                                                   # audio visualizer
spotify                                                # proprietary music streaming service
spicetify-cli                                          # cli to customize spotify client

# --------------------------------------------------- // Apps
neovim                                                 # vim based text editor
bluetui                                                # TUI bluetooth manager (redundant with blueman)
tilix                                                  # terminal emulator (you use Kitty)
redshift                                               # you use hyprsunset
file-roller                                            # GTK-based archive manager
geany                                                  # Lightweight code editor 
betterbird-bin                                         # Thunderbird fork with extra features  
onedrive-abraunegg                                     # OneDrive sync client 
microsoft-edge-stable-bin                              # Microsoft Edge browser  
google-chrome                                          # Google Chrome browser  
anki-bin                                               # Flashcard study app  
qimgv                                                  # Lightweight Qt image viewer  
moneymanagerex                                         # Personal finance manager  
filebot                                                # File renaming & media management tool  
vesktop
obsidian
blanket
keypunch
bible_gui
onlyoffice
boxes
komikku
tasks
flatseal

# --------------------------------------------------- // Shell
# oh-my-zsh-git|zsh                                    # Optional plugin manager for zsh
pokemon-colorscripts-git|zsh                           # display pokemon sprites (optional)

# --------------------------------------------------- // Editor
# vscodium                                             # Full oss text editor
# vscodium-marketplace|vscodium                        # VSCodium marketplace
# code-marketplace|code                                # Code-Oss marketplace
visual-studio-code-bin                                 # MS  text editor
android-studio
bruno
dbgate
lazygit
github-cli

# --------------------------------------------------- // Backends
electron                                               # electron backend

# --------------------------------------------------- // Lockscreen
#swaylock-effects-git                                  # swaylock with effects // very minimal lockscreen

# --------------------------------------------------- // OSD
swayosd-git                                            # A GTK based on screen display for keyboard shortcuts like caps-lock and volume

# --------------------------------------------------- // Coding Languages
php
lua
cmake
dotnet-runtime 
aspnet-runtime 
dotnet-sdk
gcc 
jdk-openjdk 
ruby
pyenv
nvm
rust
flutter-bin